type octile
height 33
width 46
map
..............................................
.SS.SS.EEEEEEEEEE.EEEEEEEEEE.EEEEEEEEEE.SS.SS.
.SS.SS.@@@@@@@@@@.@@@@@@@@@@.@@@@@@@@@@.SS.SS.
.SS.SS.EEEEEEEEEE.EEEEEEEEEE.EEEEEEEEEE.SS.SS.
..............................................
.SS.SS.EEEEEEEEEE.EEEEEEEEEE.EEEEEEEEEE.SS.SS.
.SS.SS.@@@@@@@@@@.@@@@@@@@@@.@@@@@@@@@@.SS.SS.
.SS.SS.EEEEEEEEEE.EEEEEEEEEE.EEEEEEEEEE.SS.SS.
..............................................
.SS.SS.EEEEEEEEEE.EEEEEEEEEE.EEEEEEEEEE.SS.SS.
.SS.SS.@@@@@@@@@@.@@@@@@@@@@.@@@@@@@@@@.SS.SS.
.SS.SS.EEEEEEEEEE.EEEEEEEEEE.EEEEEEEEEE.SS.SS.
..............................................
.SS.SS.EEEEEEEEEE.EEEEEEEEEE.EEEEEEEEEE.SS.SS.
.SS.SS.@@@@@@@@@@.@@@@@@@@@@.@@@@@@@@@@.SS.SS.
.SS.SS.EEEEEEEEEE.EEEEEEEEEE.EEEEEEEEEE.SS.SS.
..............................................
.SS.SS.EEEEEEEEEE.EEEEEEEEEE.EEEEEEEEEE.SS.SS.
.SS.SS.@@@@@@@@@@.@@@@@@@@@@.@@@@@@@@@@.SS.SS.
.SS.SS.EEEEEEEEEE.EEEEEEEEEE.EEEEEEEEEE.SS.SS.
..............................................
.SS.SS.EEEEEEEEEE.EEEEEEEEEE.EEEEEEEEEE.SS.SS.
.SS.SS.@@@@@@@@@@.@@@@@@@@@@.@@@@@@@@@@.SS.SS.
.SS.SS.EEEEEEEEEE.EEEEEEEEEE.EEEEEEEEEE.SS.SS.
..............................................
.SS.SS.EEEEEEEEEE.EEEEEEEEEE.EEEEEEEEEE.SS.SS.
.SS.SS.@@@@@@@@@@.@@@@@@@@@@.@@@@@@@@@@.SS.SS.
.SS.SS.EEEEEEEEEE.EEEEEEEEEE.EEEEEEEEEE.SS.SS.
..............................................
.SS.SS.EEEEEEEEEE.EEEEEEEEEE.EEEEEEEEEE.SS.SS.
.SS.SS.@@@@@@@@@@.@@@@@@@@@@.@@@@@@@@@@.SS.SS.
.SS.SS.EEEEEEEEEE.EEEEEEEEEE.EEEEEEEEEE.SS.SS.
..............................................